ResolveSymbolError(11,15)[Could not find x.]
ResolveSymbolError(12,15)[Could not find y.]
ResolveSymbolError(18,15)[Could not find z.]
