DeclareSymbolError(9,0)[printInt already exists.]
