ast.DeclarationList(3,0)
  ast.ArrayDeclaration(3,0)[Symbol(x)]
  ast.FunctionDefinition(5,0)[Symbol(main), []]
    ast.StatementList(6,2)
      ast.Call(6,2)[Symbol(printInt)]
        ast.ExpressionList(6,13)
          ast.Dereference(6,13)
            ast.Index(6,21)
              ast.Index(6,18)
                ast.Index(6,15)
                  ast.AddressOf(6,13)[x]
                  ast.LiteralInt(6,15)[2]
                ast.LiteralInt(6,18)[3]
              ast.LiteralInt(6,21)[4]
