ast.DeclarationList(3,0)
  ast.VariableDeclaration(3,0)[Symbol(a)]
  ast.FunctionDefinition(5,0)[Symbol(main), []]
    ast.StatementList(6,2)
      ast.VariableDeclaration(6,2)[Symbol(a)]
      ast.Call(8,2)[Symbol(printInt)]
        ast.ExpressionList(8,13)
          ast.Dereference(8,13)
            ast.AddressOf(8,13)[a]
