Error type-checking file.
TypeError(3,0)[Function foo has a void argument in position 1.]
TypeError(3,0)[Function foo has an error in argument in position 2: Unknown type: error.]
