Error type-checking file.
TypeError(9,2)[cannot call func(TypeList(int)):void using TypeList(array[4,int])]
TypeError(10,2)[cannot call func(TypeList(int)):void using TypeList(array[5,int])]
TypeError(12,18)[cannot index Address(int) with int]
TypeError(12,13)[cannot deref ErrorType(cannot index Address(int) with int)]
TypeError(12,2)[cannot call func(TypeList(int)):void using TypeList(ErrorType(cannot deref ErrorType(cannot index Address(int) with int)))]
TypeError(13,21)[cannot index Address(int) with int]
TypeError(13,13)[cannot deref ErrorType(cannot index Address(int) with int)]
TypeError(13,2)[cannot call func(TypeList(int)):void using TypeList(ErrorType(cannot deref ErrorType(cannot index Address(int) with int)))]
TypeError(15,2)[cannot call func(TypeList(int)):void using TypeList(array[3,array[5,array[7,array[9,int]]]])]
TypeError(16,2)[cannot call func(TypeList(int)):void using TypeList(array[7,array[9,int]])]
